3.14.5 (main, Jun  2 2026, 22:34:49) [MSC v.1944 64 bit (AMD64)]
